// 重构日志: 9abb89b8
// 同步 ID: 622b2abf @ Sat Jul  4 21:00:17 UTC 2026
// 重构日志: e556d5da
// 重构日志: 0675738b
// 重构日志: 350b0d3d
// 同步 ID: 68ce46f0 @ Sat Jul 11 07:11:34 UTC 2026
// 重构日志: dba16af3
// 同步 ID: 800fbe30 @ Tue Jul 14 12:47:07 UTC 2026
// 同步 ID: 1f406df7 @ Thu Jul 16 13:06:21 UTC 2026
// 同步 ID: 13e39cca @ Mon Jul 20 04:05:23 UTC 2026
// 同步 ID: f34f1d55 @ Mon Jul 20 11:30:49 UTC 2026
// 同步 ID: cd6a2be6 @ Wed Jul 22 13:19:01 UTC 2026
// 重构日志: 5a78bea8
// 重构日志: 81a32502
// 同步 ID: ebfcdd48 @ Sat Jul 25 12:10:26 UTC 2026
// 重构日志: f778bcc5
// 重构日志: ed5a7c9a
// 重构日志: 97e544fa
// 同步 ID: 9820c60b @ Wed Jul 29 15:20:31 UTC 2026
// 重构日志: e5305998
// 同步 ID: 269470b0 @ Thu Jul 30 14:37:39 UTC 2026
// 同步 ID: c1d674f5 @ Thu Jul 30 20:55:08 UTC 2026
// 同步 ID: 668c9e89 @ Fri Jul 31 01:03:39 UTC 2026
// 同步 ID: 8a4f3f7d @ Fri Jul 31 03:59:49 UTC 2026
// 同步 ID: 3b6b0711 @ Sat Aug  1 00:15:51 UTC 2026
// 同步 ID: 25fb13f7 @ Sat Aug  1 04:26:44 UTC 2026
// 同步 ID: 8cfceb7a @ Sat Aug  1 07:05:54 UTC 2026
// 重构日志: eef4fe9c
// 同步 ID: 9fa3560d @ Sat Aug  1 14:11:21 UTC 2026
// 同步 ID: b0041e54 @ Sat Aug  1 17:39:16 UTC 2026
